// Jest Snapshot v1, https://goo.gl/fbAQLP

exports[`<Banner /> can be rendered 1`] = `
<Styled(div)>
  <Styled(div)>
    <Styled(a)
      onClick={[Function]}
    >
      Fran√ßais
    </Styled(a)>
  </Styled(div)>
  <Styled(div)>
    <Wordmark
      width="26em"
    />
  </Styled(div)>
</Styled(div)>
`;
