// Jest Snapshot v1, https://goo.gl/fbAQLP

exports[`<CentredSection /> accepts a width 1`] = `
<section
  className="css-p9npw3"
  width="1000%"
/>
`;

exports[`<CentredSection /> can be rendered 1`] = `
<section
  className="css-bo00q3"
/>
`;
