// Jest Snapshot v1, https://goo.gl/fbAQLP

exports[`<Header /> can be rendered 1`] = `
<Styled(div)>
  <Styled(h2)>
    Foo
  </Styled(h2)>
</Styled(div)>
`;

exports[`<Header /> has a blue background 1`] = `
<div
  className="css-x3v3j7"
>
  <Styled(h2)>
    Foo
  </Styled(h2)>
</div>
`;
